2025-04-04 06:13:27.618256 - Received CBT.V508.FILE218.PDS from FILE218.XMI 
2025-04-04 06:13:27.619166 - Found $$$#DATE.txt (text/plain) in CBT.V508.FILE218.PDS, moved to PDS/$$$#DATE
2025-04-04 06:13:27.619327 - Found $DOCERB.txt (text/plain) in CBT.V508.FILE218.PDS, moved to PDS/$DOCERB
2025-04-04 06:13:27.619456 - Found @FILE218.txt (text/plain) in CBT.V508.FILE218.PDS, moved to PDS/@FILE218
2025-04-04 06:13:27.619575 - Found CBTJCL.jcl (text/plain) in CBT.V508.FILE218.PDS, moved to PDS/CBTJCL
2025-04-04 06:13:27.619779 - Found ERBRUS99.txt (text/plain) in CBT.V508.FILE218.PDS, moved to PDS/ERBRUS99
2025-04-04 06:13:27.619916 - Found ERBUSASM.txt (text/plain) in CBT.V508.FILE218.PDS, moved to PDS/ERBUSASM
2025-04-04 06:13:27.620035 - Found ERBUSDTA.txt (text/plain) in CBT.V508.FILE218.PDS, moved to PDS/ERBUSDTA
2025-04-04 06:13:27.620148 - Found ERBUSMPL.txt (text/plain) in CBT.V508.FILE218.PDS, moved to PDS/ERBUSMPL
2025-04-04 06:13:27.620325 - Found MVSOBJ.bin (application/octet-stream) in CBT.V508.FILE218.PDS, moved to PDS/MVSOBJ
2025-04-04 06:13:27.620441 - Found MVSUSASM.txt (text/plain) in CBT.V508.FILE218.PDS, moved to PDS/MVSUSASM
2025-04-04 06:13:27.620607 - Found MVSUSMPL.txt (text/plain) in CBT.V508.FILE218.PDS, moved to PDS/MVSUSMPL
2025-04-04 06:13:27.620727 - Found SAMPLE.txt (text/plain) in CBT.V508.FILE218.PDS, moved to PDS/SAMPLE
2025-04-04 06:13:27.620915 - Found SE2OBJ.bin (application/octet-stream) in CBT.V508.FILE218.PDS, moved to PDS/SE2OBJ
2025-04-04 06:13:27.621071 - Found SHAREHDR.txt (text/plain) in CBT.V508.FILE218.PDS, moved to PDS/SHAREHDR
2025-04-04 06:13:27.621233 - Found SP2RUS99.txt (text/plain) in CBT.V508.FILE218.PDS, moved to PDS/SP2RUS99
2025-04-04 06:13:27.621349 - Found SP212MPL.txt (text/plain) in CBT.V508.FILE218.PDS, moved to PDS/SP212MPL
2025-04-04 06:13:27.621485 - Found SP212OBJ.bin (application/octet-stream) in CBT.V508.FILE218.PDS, moved to PDS/SP212OBJ
2025-04-04 06:13:27.621604 - Found SP213MPL.txt (text/plain) in CBT.V508.FILE218.PDS, moved to PDS/SP213MPL
2025-04-04 06:13:27.621721 - Found SP213OBJ.bin (application/octet-stream) in CBT.V508.FILE218.PDS, moved to PDS/SP213OBJ
2025-04-04 06:13:27.621854 - Found VSAMMAPC.txt (text/plain) in CBT.V508.FILE218.PDS, moved to PDS/VSAMMAPC
2025-04-04 06:13:27.621982 - Found VSAMMAPP.txt (text/plain) in CBT.V508.FILE218.PDS, moved to PDS/VSAMMAPP
